WARNING 2022-03-01 11:15:13,133 views 28652 18192 test
WARNING 2022-03-01 11:15:20,024 views 28652 18192 123
WARNING 2022-03-01 11:48:48,706 views 2408 28312 test
WARNING 2022-03-01 11:49:05,675 views 2408 19952 test
WARNING 2022-03-01 11:53:34,461 views 11232 20200 <JsonResponse status_code=400, "application/json">
WARNING 2022-03-01 11:57:13,640 views 7520 25704 <JsonResponse status_code=400, "application/json">
WARNING 2022-03-01 12:12:35,959 views 11116 16420 <JsonResponse status_code=200, "application/json">
WARNING 2022-03-01 12:13:37,404 views 11824 24864 {'errorMessage': "name 't' is not defined", 'traceback': 'Traceback (most recent call last):\n  File "C:\\PythonProjects\\tex\\core\\views.py", line 45, in inner\n    return fn(request, *args, **kwargs)\n  File "C:\\PythonProjects\\tex\\main_app\\views.py", line 103, in model_form_upload\n    translate(default_storage.url(str(doc.file)), str(doc.file), language_to)\n  File "C:\\PythonProjects\\tex\\main_app\\views.py", line 271, in translate\n    translation, JSONmessages = main_app.latex.detokenize(raw_translation, metadata)\n  File "C:\\PythonProjects\\tex\\main_app\\latex.py", line 133, in detokenize\n    messages[\'Error\'][\'Corrupted\'].append(\'[%d.%d]\'%(t,nl))\nNameError: name \'t\' is not defined\n'}
WARNING 2022-03-01 12:14:13,448 views 9196 22268 {'errorMessage': "name 't' is not defined", 'traceback': 'Traceback (most recent call last):\n  File "C:\\PythonProjects\\tex\\core\\views.py", line 45, in inner\n    return fn(request, *args, **kwargs)\n  File "C:\\PythonProjects\\tex\\main_app\\views.py", line 103, in model_form_upload\n    translate(default_storage.url(str(doc.file)), str(doc.file), language_to)\n  File "C:\\PythonProjects\\tex\\main_app\\views.py", line 271, in translate\n    translation, JSONmessages = main_app.latex.detokenize(raw_translation, metadata)\n  File "C:\\PythonProjects\\tex\\main_app\\latex.py", line 133, in detokenize\n    messages[\'Error\'][\'Corrupted\'].append(\'[%d.%d]\'%(t,nl))\nNameError: name \'t\' is not defined\n'}
WARNING 2022-03-01 12:18:26,492 views 17064 10592 {'errorMessage': "name 't' is not defined", 'traceback': ['Traceback (most recent call last):\n', '  File "C:\\PythonProjects\\tex\\core\\views.py", line 45, in inner\n    return fn(request, *args, **kwargs)\n', '  File "C:\\PythonProjects\\tex\\main_app\\views.py", line 103, in model_form_upload\n    translate(default_storage.url(str(doc.file)), str(doc.file), language_to)\n', '  File "C:\\PythonProjects\\tex\\main_app\\views.py", line 271, in translate\n    translation, JSONmessages = main_app.latex.detokenize(raw_translation, metadata)\n', '  File "C:\\PythonProjects\\tex\\main_app\\latex.py", line 133, in detokenize\n    messages[\'Error\'][\'Corrupted\'].append(\'[%d.%d]\'%(t,nl))\n', "NameError: name 't' is not defined\n"]}
WARNING 2022-03-01 21:19:27,375 views 23512 27432 {'errorMessage': "name 't' is not defined", 'traceback': 'Traceback (most recent call last):\n  File "C:\\PythonProjects\\tex\\core\\views.py", line 51, in inner\n    return fn(request, *args, **kwargs)\n  File "C:\\PythonProjects\\tex\\main_app\\views.py", line 103, in model_form_upload\n    translate(default_storage.url(str(doc.file)), str(doc.file), language_to)\n  File "C:\\PythonProjects\\tex\\main_app\\views.py", line 271, in translate\n    translation, JSONmessages = main_app.latex.detokenize(raw_translation, metadata)\n  File "C:\\PythonProjects\\tex\\main_app\\latex.py", line 133, in detokenize\n    messages[\'Error\'][\'Corrupted\'].append(\'[%d.%d]\'%(t,nl))\nNameError: name \'t\' is not defined\n'}
ERROR 2022-03-01 21:19:29,044 views 23512 27432 {'errorMessage': "name 't' is not defined", 'traceback': 'Traceback (most recent call last):\n  File "C:\\PythonProjects\\tex\\core\\views.py", line 51, in inner\n    return fn(request, *args, **kwargs)\n  File "C:\\PythonProjects\\tex\\main_app\\views.py", line 103, in model_form_upload\n    translate(default_storage.url(str(doc.file)), str(doc.file), language_to)\n  File "C:\\PythonProjects\\tex\\main_app\\views.py", line 271, in translate\n    translation, JSONmessages = main_app.latex.detokenize(raw_translation, metadata)\n  File "C:\\PythonProjects\\tex\\main_app\\latex.py", line 133, in detokenize\n    messages[\'Error\'][\'Corrupted\'].append(\'[%d.%d]\'%(t,nl))\nNameError: name \'t\' is not defined\n'}
CRITICAL 2022-03-01 21:19:29,754 views 23512 27432 {'errorMessage': "name 't' is not defined", 'traceback': 'Traceback (most recent call last):\n  File "C:\\PythonProjects\\tex\\core\\views.py", line 51, in inner\n    return fn(request, *args, **kwargs)\n  File "C:\\PythonProjects\\tex\\main_app\\views.py", line 103, in model_form_upload\n    translate(default_storage.url(str(doc.file)), str(doc.file), language_to)\n  File "C:\\PythonProjects\\tex\\main_app\\views.py", line 271, in translate\n    translation, JSONmessages = main_app.latex.detokenize(raw_translation, metadata)\n  File "C:\\PythonProjects\\tex\\main_app\\latex.py", line 133, in detokenize\n    messages[\'Error\'][\'Corrupted\'].append(\'[%d.%d]\'%(t,nl))\nNameError: name \'t\' is not defined\n'}
ERROR 2022-03-01 21:31:56,697 views 9648 7412 test
Traceback (most recent call last):
  File "C:\PythonProjects\tex\core\views.py", line 49, in inner
    return fn(request, *args, **kwargs)
  File "C:\PythonProjects\tex\main_app\views.py", line 103, in model_form_upload
    translate(default_storage.url(str(doc.file)), str(doc.file), language_to)
  File "C:\PythonProjects\tex\main_app\views.py", line 271, in translate
    translation, JSONmessages = main_app.latex.detokenize(raw_translation, metadata)
  File "C:\PythonProjects\tex\main_app\latex.py", line 133, in detokenize
    messages['Error']['Corrupted'].append('[%d.%d]'%(t,nl))
NameError: name 't' is not defined
